
> q-dash@0.0.0 build
> tsc && node ./node_modules/vite/bin/vite.js build

src/pages/admin/SurveyAnalytics.tsx(300,73): error TS2304: Cannot find name 'questionLabelMap'.
src/pages/admin/SurveyAnalytics.tsx(536,79): error TS2304: Cannot find name 'questionLabelMap'.
